my_function called with args: ('a', 'b'), kwargs:{}. Result: ab
